PREHOOK: query: CREATE TEMPORARY FUNCTION dboutput AS 'org.apache.hadoop.hive.contrib.genericudf.example.GenericUDFDBOutput'
PREHOOK: type: CREATEFUNCTION
PREHOOK: Output: dboutput
POSTHOOK: query: CREATE TEMPORARY FUNCTION dboutput AS 'org.apache.hadoop.hive.contrib.genericudf.example.GenericUDFDBOutput'
POSTHOOK: type: CREATEFUNCTION
POSTHOOK: Output: dboutput
PREHOOK: query: FROM src
SELECT
#### A masked pattern was here ####
'CREATE TABLE EXTERNAL_JDBC_NEGATIVE_TABLE1 ("ikey" INTEGER)' ),
#### A masked pattern was here ####
'INSERT INTO EXTERNAL_JDBC_NEGATIVE_TABLE1 ("ikey") VALUES (?,?,?,?)','20')
limit 1
PREHOOK: type: QUERY
PREHOOK: Input: default@src
#### A masked pattern was here ####
POSTHOOK: query: FROM src
SELECT
#### A masked pattern was here ####
'CREATE TABLE EXTERNAL_JDBC_NEGATIVE_TABLE1 ("ikey" INTEGER)' ),
#### A masked pattern was here ####
'INSERT INTO EXTERNAL_JDBC_NEGATIVE_TABLE1 ("ikey") VALUES (?,?,?,?)','20')
limit 1
POSTHOOK: type: QUERY
POSTHOOK: Input: default@src
#### A masked pattern was here ####
0	1
PREHOOK: query: CREATE EXTERNAL TABLE db1_ext_negative1
(
 ikey int,
 bkey bigint
)
STORED BY 'org.apache.hive.storage.jdbc.JdbcStorageHandler'
TBLPROPERTIES (
                "hive.sql.database.type" = "DERBY",
                "hive.sql.jdbc.driver" = "org.apache.derby.jdbc.EmbeddedDriver",
#### A masked pattern was here ####
                "hive.sql.dbcp.username" = "App",
                "hive.sql.dbcp.password" = "mine",
                "hive.sql.table" = "EXTERNAL_JDBC_NEGATIVE_TABLE1",
                "hive.sql.dbcp.maxActive" = "1"
)
PREHOOK: type: CREATETABLE
PREHOOK: Output: database:default
PREHOOK: Output: default@db1_ext_negative1
FAILED: Execution Error, return code 40000 from org.apache.hadoop.hive.ql.ddl.DDLTask. java.lang.RuntimeException: MetaException(message:org.apache.hadoop.hive.serde2.SerDeException Caught exception while initializing the SqlSerDe: Caught exception while trying to get columns: Table/View 'EXTERNAL_JDBC_NEGATIVE_TABLE1' does not exist.)
